***Vérifier que docker est installé***
```
lawerz@lawerz-MacBookPro:~/tp_cloud$ docker info 
Client:
 Version:    24.0.5
 Context:    default
 Debug Mode: false

Server:
 Containers: 3
  Running: 2
  Paused: 0
  Stopped: 1
 Images: 2
 Server Version: 24.0.5
 Storage Driver: overlay2
  Backing Filesystem: extfs
  Supports d_type: true
  Using metacopy: false
  Native Overlay Diff: true
  userxattr: false
 Logging Driver: json-file
 Cgroup Driver: systemd
 Cgroup Version: 2
 Plugins:
  Volume: local
  Network: bridge host ipvlan macvlan null overlay
  Log: awslogs fluentd gcplogs gelf journald json-file local logentries splunk syslog
 Swarm: inactive
 Runtimes: io.containerd.runc.v2 runc
 Default Runtime: runc
 Init Binary: docker-init
 containerd version: 
 runc version: 
 init version: 
 Security Options:
  apparmor
  seccomp
   Profile: builtin
  cgroupns
 Kernel Version: 6.2.0-32-generic
 Operating System: Ubuntu 22.04.3 LTS
 OSType: linux
 Architecture: x86_64
 CPUs: 4
 Total Memory: 15.52GiB
 Name: lawerz-MacBookPro
 ID: befd84a3-68ac-4042-b56c-8b1c56ba84f5
 Docker Root Dir: /var/lib/docker
 Debug Mode: false
 Experimental: false
 Insecure Registries:
  127.0.0.0/8
 Live Restore Enabled: false

lawerz@lawerz-MacBookPro:~/tp_cloud$ 
```








```
lawerz@lawerz-MacBookPro:/$ cd
lawerz@lawerz-MacBookPro:~$ 
lawerz@lawerz-MacBookPro:~$ 
lawerz@lawerz-MacBookPro:~$ 
lawerz@lawerz-MacBookPro:~$ 
lawerz@lawerz-MacBookPro:~$ pwd
/home/lawerz
lawerz@lawerz-MacBookPro:~$ 
lawerz@lawerz-MacBookPro:~$ 
lawerz@lawerz-MacBookPro:~$ mkdir tp_cloud
lawerz@lawerz-MacBookPro:~$ cd tp_cloud/
lawerz@lawerz-MacBookPro:~/tp_cloud$ 
lawerz@lawerz-MacBookPro:~/tp_cloud$ 
lawerz@lawerz-MacBookPro:~/tp_cloud$ sudo mv /usr/share/nginx/tp1cloud/
index.html  tp1.conf    
lawerz@lawerz-MacBookPro:~/tp_cloud$ sudo mv /usr/share/nginx/tp1cloud/
index.html  tp1.conf    
lawerz@lawerz-MacBookPro:~/tp_cloud$ sudo mv /usr/share/nginx/tp1cloud/* .
[sudo] Mot de passe de lawerz : 

Désolé, essayez de nouveau.
[sudo] Mot de passe de lawerz : 
Désolé, essayez de nouveau.
[sudo] Mot de passe de lawerz : 
lawerz@lawerz-MacBookPro:~/tp_cloud$ 
lawerz@lawerz-MacBookPro:~/tp_cloud$ 
lawerz@lawerz-MacBookPro:~/tp_cloud$ 
lawerz@lawerz-MacBookPro:~/tp_cloud$ sudo chown lawerz:lawerz . -R
lawerz@lawerz-MacBookPro:~/tp_cloud$ pwd
/home/lawerz/tp_cloud
lawerz@lawerz-MacBookPro:~/tp_cloud$ ls -ql
total 8
-rw-r--r-- 1 lawerz lawerz 257 nov.  15 17:01 index.html
-rw-rw-r-- 1 lawerz lawerz  54 nov.  15 16:54 tp1.conf
lawerz@lawerz-MacBookPro:~/tp_cloud$ ls -al
total 16
drwxrwxr-x  2 lawerz lawerz 4096 nov.  15 17:28 .
drwxr-x--- 37 lawerz lawerz 4096 nov.  15 17:28 ..
-rw-r--r--  1 lawerz lawerz  257 nov.  15 17:01 index.html
-rw-rw-r--  1 lawerz lawerz   54 nov.  15 16:54 tp1.conf
lawerz@lawerz-MacBookPro:~/tp_cloud$ 
lawerz@lawerz-MacBookPro:~/tp_cloud$ 
lawerz@lawerz-MacBookPro:~/tp_cloud$ 
lawerz@lawerz-MacBookPro:~/tp_cloud$ 
lawerz@lawerz-MacBookPro:~/tp_cloud$ docker run --name web -d -v ^Csr/share/nginx/tp1cloud:/usr/share/nginx/html -v /usr/share/nginx/tp1cloud:/etc/nginx/conf.d/ -p 8888:80 nginx 
lawerz@lawerz-MacBookPro:~/tp_cloud$ 
lawerz@lawerz-MacBookPro:~/tp_cloud$ 
lawerz@lawerz-MacBookPro:~/tp_cloud$ 
lawerz@lawerz-MacBookPro:~/tp_cloud$ cat 
index.html  tp1.conf    
lawerz@lawerz-MacBookPro:~/tp_cloud$ cat index.html 
<!DOCTYPE html>
<html lang="en">
<head>
    <meta charset="UTF-8">
    <meta name="viewport" content="width=device-width, initial-sc>
    <title>Cloud NGinx</title>
</head>
<body>
    <h1>The Finals</h1>
    <p>date de sorie 7 Décembre</p>
</body>
</html>
lawerz@lawerz-MacBookPro:~/tp_cloud$ 
lawerz@lawerz-MacBookPro:~/tp_cloud$ 
lawerz@lawerz-MacBookPro:~/tp_cloud$ cat tp1.conf 
server {
  listen 9999;
  root /var/www/tp_docker; 
}
lawerz@lawerz-MacBookPro:~/tp_cloud$ docker run --name web -d -v $(pwd)/index.html:^Cv /usr/share/nginx/tp1cloud:/etc/nginx/conf.d/ -p 8888:80 nginx 
lawerz@lawerz-MacBookPro:~/tp_cloud$ docker run --name web -d -v $(pwd)/index.html:/var/www/tp_docker/index.html -v $(pwd)/tp1.conf:/etc/nginx/conf.d/ -p 8888:80 nginx 
docker: Error response from daemon: Conflict. The container name "/web" is already in use by container "0c77e5a212ea50188082ef0b6de76fbde96ce58fbeaf23a5c4a837446e7beb33". You have to remove (or rename) that container to be able to reuse that name.
See 'docker run --help'.
lawerz@lawerz-MacBookPro:~/tp_cloud$ 
lawerz@lawerz-MacBookPro:~/tp_cloud$ 
lawerz@lawerz-MacBookPro:~/tp_cloud$ 
lawerz@lawerz-MacBookPro:~/tp_cloud$ docker rm -f web
web
lawerz@lawerz-MacBookPro:~/tp_cloud$ docker run --name web -d -v $(pwd)/index.html:/var/www/tp_docker/index.html -v $(pwd)/tp1.conf:/etc/nginx/conf.d/ -p 8888:80 nginx 
6f86689dd083960dc06e5fab5516cd5a32f754874051a0ba6dc8588dcecb1b37
docker: Error response from daemon: failed to create task for container: failed to create shim task: OCI runtime create failed: runc create failed: unable to start container process: error during container init: error mounting "/home/lawerz/tp_cloud/tp1.conf" to rootfs at "/etc/nginx/conf.d": mount /home/lawerz/tp_cloud/tp1.conf:/etc/nginx/conf.d (via /proc/self/fd/6), flags: 0x5000: not a directory: unknown: Are you trying to mount a directory onto a file (or vice-versa)? Check if the specified host path exists and is the expected type.
lawerz@lawerz-MacBookPro:~/tp_cloud$ docker run --name web -d -v $(pwd)/index.html:/var/www/tp_docker/index.html -v $(pwd)/tp1.conf:/etc/nginx/conf.d/tp1.conf -p 8888:80 nginx 
docker: Error response from daemon: Conflict. The container name "/web" is already in use by container "6f86689dd083960dc06e5fab5516cd5a32f754874051a0ba6dc8588dcecb1b37". You have to remove (or rename) that container to be able to reuse that name.
See 'docker run --help'.
lawerz@lawerz-MacBookPro:~/tp_cloud$ docker rm -f web
web
lawerz@lawerz-MacBookPro:~/tp_cloud$ docker run --name web -d -v $(pwd)/index.html:/var/www/tp_docker/index.html -v $(pwd)/tp1.conf:/etc/nginx/conf.d/tp1.conf -p 8888:80 nginx 
b8797e4fe419db56c85b58a50a1574733536b976e2a46b61b9c8991ed96ca333
lawerz@lawerz-MacBookPro:~/tp_cloud$ 
lawerz@lawerz-MacBookPro:~/tp_cloud$ 
lawerz@lawerz-MacBookPro:~/tp_cloud$ 
lawerz@lawerz-MacBookPro:~/tp_cloud$ docker ps
CONTAINER ID   IMAGE     COMMAND                  CREATED             STATUS             PORTS                                   NAMES
b8797e4fe419   nginx     "/docker-entrypoint.…"   2 seconds ago       Up 1 second        0.0.0.0:8888->80/tcp, :::8888->80/tcp   web
e6d8f8c8bdee   debian    "sleep 9999"             About an hour ago   Up About an hour                                           xenodochial_wing
lawerz@lawerz-MacBookPro:~/tp_cloud$ docker ps
CONTAINER ID   IMAGE     COMMAND                  CREATED             STATUS             PORTS                                   NAMES
b8797e4fe419   nginx     "/docker-entrypoint.…"   4 seconds ago       Up 3 seconds       0.0.0.0:8888->80/tcp, :::8888->80/tcp   web
e6d8f8c8bdee   debian    "sleep 9999"             About an hour ago   Up About an hour                                           xenodochial_wing
lawerz@lawerz-MacBookPro:~/tp_cloud$ docker ps
CONTAINER ID   IMAGE     COMMAND                  CREATED             STATUS             PORTS                                   NAMES
b8797e4fe419   nginx     "/docker-entrypoint.…"   4 seconds ago       Up 3 seconds       0.0.0.0:8888->80/tcp, :::8888->80/tcp   web
e6d8f8c8bdee   debian    "sleep 9999"             About an hour ago   Up About an hour                                           xenodochial_wing
lawerz@lawerz-MacBookPro:~/tp_cloud$ docker ps
CONTAINER ID   IMAGE     COMMAND                  CREATED             STATUS             PORTS                                   NAMES
b8797e4fe419   nginx     "/docker-entrypoint.…"   5 seconds ago       Up 4 seconds       0.0.0.0:8888->80/tcp, :::8888->80/tcp   web
e6d8f8c8bdee   debian    "sleep 9999"             About an hour ago   Up About an hour                                           xenodochial_wing
lawerz@lawerz-MacBookPro:~/tp_cloud$ docker ps
CONTAINER ID   IMAGE     COMMAND                  CREATED             STATUS             PORTS                                   NAMES
b8797e4fe419   nginx     "/docker-entrypoint.…"   5 seconds ago       Up 4 seconds       0.0.0.0:8888->80/tcp, :::8888->80/tcp   web
e6d8f8c8bdee   debian    "sleep 9999"             About an hour ago   Up About an hour                                           xenodochial_wing
lawerz@lawerz-MacBookPro:~/tp_cloud$ docker ps
CONTAINER ID   IMAGE     COMMAND                  CREATED             STATUS             PORTS                                   NAMES
b8797e4fe419   nginx     "/docker-entrypoint.…"   5 seconds ago       Up 4 seconds       0.0.0.0:8888->80/tcp, :::8888->80/tcp   web
e6d8f8c8bdee   debian    "sleep 9999"             About an hour ago   Up About an hour                                           xenodochial_wing
lawerz@lawerz-MacBookPro:~/tp_cloud$ curl localhost:8888
<!DOCTYPE html>
<html>
<head>
<title>Welcome to nginx!</title>
<style>
html { color-scheme: light dark; }
body { width: 35em; margin: 0 auto;
font-family: Tahoma, Verdana, Arial, sans-serif; }
</style>
</head>
<body>
<h1>Welcome to nginx!</h1>
<p>If you see this page, the nginx web server is successfully installed and
working. Further configuration is required.</p>

<p>For online documentation and support please refer to
<a href="http://nginx.org/">nginx.org</a>.<br/>
Commercial support is available at
<a href="http://nginx.com/">nginx.com</a>.</p>

<p><em>Thank you for using nginx.</em></p>
</body>
</html>
lawerz@lawerz-MacBookPro:~/tp_cloud$ docker rm -f web
web
lawerz@lawerz-MacBookPro:~/tp_cloud$ 
lawerz@lawerz-MacBookPro:~/tp_cloud$ 
lawerz@lawerz-MacBookPro:~/tp_cloud$ docker run --name web -d -v $(pwd)/index.html:/var/www/tp_docker/index.html -v $(pwd)/tp1.conf:/etc/nginx/conf.d/tp1.conf -p 8888:9999 nginx 
ed0109fb55dba5a287238e9aaa176854626ffad66a3ac04062ac3c3fd1619b71
lawerz@lawerz-MacBookPro:~/tp_cloud$ curl localhost:8888
<!DOCTYPE html>
<html lang="en">
<head>
    <meta charset="UTF-8">
    <meta name="viewport" content="width=device-width, initial-sc>
    <title>Cloud NGinx</title>
</head>
<body>
    <h1>The Finals</h1>
    <p>date de sorie 7 Décembre</p>
</body>
</html>
lawerz@lawerz-MacBookPro:~/tp_cloud$ ip a
1: lo: <LOOPBACK,UP,LOWER_UP> mtu 65536 qdisc noqueue state UNKNOWN group default qlen 1000
    link/loopback 00:00:00:00:00:00 brd 00:00:00:00:00:00
    inet 127.0.0.1/8 scope host lo
       valid_lft forever preferred_lft forever
    inet6 ::1/128 scope host 
       valid_lft forever preferred_lft forever
2: wlp3s0: <BROADCAST,MULTICAST,UP,LOWER_UP> mtu 1500 qdisc fq_codel state UP group default qlen 1000
    link/ether f4:5c:89:a1:27:5d brd ff:ff:ff:ff:ff:ff
    inet 10.100.0.129/21 brd 10.100.7.255 scope global dynamic noprefixroute wlp3s0
       valid_lft 24228sec preferred_lft 24228sec
    inet6 fe80::86ce:9f0e:456f:2fd0/64 scope link noprefixroute 
       valid_lft forever preferred_lft forever
3: docker0: <BROADCAST,MULTICAST,UP,LOWER_UP> mtu 1500 qdisc noqueue state UP group default 
    link/ether 02:42:30:ff:94:58 brd ff:ff:ff:ff:ff:ff
    inet 172.17.0.1/16 brd 172.17.255.255 scope global docker0
       valid_lft forever preferred_lft forever
    inet6 fe80::42:30ff:feff:9458/64 scope link 
       valid_lft forever preferred_lft forever
7: veth2dc4df8@if6: <BROADCAST,MULTICAST,UP,LOWER_UP> mtu 1500 qdisc noqueue master docker0 state UP group default 
    link/ether 86:82:1f:2a:08:28 brd ff:ff:ff:ff:ff:ff link-netnsid 0
    inet6 fe80::8482:1fff:fe2a:828/64 scope link 
       valid_lft forever preferred_lft forever
15: veth2116310@if14: <BROADCAST,MULTICAST,UP,LOWER_UP> mtu 1500 qdisc noqueue master docker0 state UP group default 
    link/ether 9e:26:2f:07:e6:3f brd ff:ff:ff:ff:ff:ff link-netnsid 1
    inet6 fe80::9c26:2fff:fe07:e63f/64 scope link 
       valid_lft forever preferred_lft forever
lawerz@lawerz-MacBookPro:~/tp_cloud$ docker run --name web -d -v $(pwd)/index.html:/var/www/tp_docker/index.html -v $(pwd)/tp1.conf:/etc/nginx/conf.d/tp1.conf -p 8888:9999 nginx 

```
